// Jest Snapshot v1, https://goo.gl/fbAQLP

exports[`Analytics/Analytics renders correctly 1`] = `
<div
  class="sd-page-content__content-block"
>
  <div
    class="subnav"
  >
    <a
      class="navbtn navbtn--left"
      href="#/publisher"
    >
      <i
        class="icon-arrow-left"
      />
    </a>
    <h3
      class="subnav__page-title"
    >
      Content Analytics
      <span>
         / 
        Site1
      </span>
    </h3>
  </div>
  <div
    class="sd-column-box--3"
  >
    <div
      class="nav-tabs-vertical nav-tabs-vertical--closed"
    >
      <ul
        class="nav-tabs-vertical__list"
      >
        <li
          class="nav-tabs-vertical__tab"
        >
          <button
            class="nav-tabs-vertical__link"
          >
            Website
          </button>
        </li>
      </ul>
    </div>
    <div
      class="sd-content-navigation-panel sd-content-navigation-panel--border-right"
    >
      <div
        class="subnav subnav--padded subnav--lower-z-index"
      >
        <h3
          class="sd-content-nav-title sd-content-nav-title--uppercase"
        >
          Website
        </h3>
        <a
          class="icn-btn ml-auto"
        >
          <i
            class="icon-close-small"
          />
        </a>
      </div>
      <nav
        class="sd-content-nav"
      >
        <ul>
          <li>
            <a
              class="sd-content-nav__btn sd-content-nav__btn--active"
              style="cursor: pointer;"
            >
              Site1
            </a>
          </li>
          <li>
            <a
              class="sd-content-nav__btn"
              style="cursor: pointer;"
            >
              Site2
            </a>
          </li>
        </ul>
      </nav>
    </div>
    <div
      class="flex-grid flex-grid--grow flex-grid--small-1"
    >
      <div
        class="flex-grid__item flex-grid__item--d-flex flex-grid__item--column"
      >
        <div
          class="subnav subnav--lower-z-index"
        >
          <button
            class="navbtn navbtn--left navbtn--darker"
          >
            <i
              class="icon-filter-large"
            />
          </button>
          <div
            style="margin-left: 1rem;"
          >
            <div
              class="sd-check-button__group sd-check-button__group--left"
            >
              <span
                class="sd-check-button sd-check-button--native"
                tabindex="-1"
              >
                <input
                  class="sd-check-button__input"
                  id="id10"
                  name="id1"
                  tabindex="0"
                  type="radio"
                />
                <label
                  class="sd-check-button__text-label"
                  for="id10"
                >
                  <span
                    class="sd-check-button__text-label-inner"
                  >
                    Analytics
                  </span>
                </label>
              </span>
              <span
                class="sd-check-button sd-check-button--native"
                tabindex="-1"
              >
                <input
                  class="sd-check-button__input"
                  id="id11"
                  name="id1"
                  tabindex="0"
                  type="radio"
                />
                <label
                  class="sd-check-button__text-label"
                  for="id11"
                >
                  <span
                    class="sd-check-button__text-label-inner"
                  >
                    Reports History
                  </span>
                </label>
              </span>
            </div>
          </div>
          <div
            class="subnav__content-bar sd-flex-wrap ml-auto sd-padding-l--1"
          >
            <div
              class="dropdown dropdown--align-right"
              flow="left"
            >
              <span>
                <button
                  class="dropdown__toggle"
                >
                  Publish date
                  <span
                    class="dropdown__caret"
                  />
                </button>
              </span>
              <ul
                class="dropdown__menu dropdown--align-right"
              >
                <li>
                  <button>
                    Publish date
                  </button>
                </li>
                <li>
                  <button>
                    Page views
                  </button>
                </li>
              </ul>
            </div>
            <button
              class="icn-btn"
              tabindex="0"
            >
              <i
                aria-hidden="true"
                aria-label="descending"
                class="icon-descending"
              />
            </button>
          </div>
        </div>
        <div
          class="sd-column-box--3"
        >
          <div
            class="sd-filters-panel sd-filters-panel--border-right"
          >
            <div
              class="side-panel side-panel--transparent side-panel--shadow-right"
            >
              <div
                class="side-panel__header side-panel__header--border-b"
              >
                <span
                  class="side-panel__close"
                >
                  <button
                    class="icn-btn"
                    tabindex="0"
                  >
                    <i
                      aria-hidden="true"
                      aria-label="close-small"
                      class="icon-close-small"
                    />
                  </button>
                </span>
                <h3
                  class="side-panel__heading side-panel__heading--big"
                >
                  Filter
                </h3>
              </div>
              <div
                class="side-panel__content"
              >
                <div
                  class="side-panel__content-block"
                >
                  <div
                    class="form__row"
                  >
                    <div
                      class="sd-line-input sd-line-input--no-margin"
                    >
                      <label
                        class="sd-line-input__label"
                      >
                        Category
                      </label>
                      <div />
                    </div>
                  </div>
                  <div
                    class="form__row"
                  >
                    <div
                      class="sd-line-input sd-line-input--no-margin"
                    >
                      <label
                        class="sd-line-input__label"
                      >
                        Authors
                      </label>
                      <div
                        class=" css-ewg31r-container"
                      >
                        <div
                          class=" css-1bpltnu-control"
                        >
                          <div
                            class=" css-g1d714-ValueContainer"
                          >
                            <div
                              class=" css-1wa3eu0-placeholder"
                            >
                              Select...
                            </div>
                            <div
                              class="css-b8ldur-Input"
                            >
                              <div
                                class=""
                                style="display: inline-block;"
                              >
                                <input
                                  aria-autocomplete="list"
                                  autocapitalize="none"
                                  autocomplete="off"
                                  autocorrect="off"
                                  id="react-select-2-input"
                                  spellcheck="false"
                                  style="box-sizing: content-box; width: 2px; border: 0px; font-size: inherit; opacity: 1; outline: 0; padding: 0px;"
                                  tabindex="0"
                                  type="text"
                                  value=""
                                />
                                <div
                                  style="position: absolute; top: 0px; left: 0px; visibility: hidden; height: 0px; overflow: scroll; white-space: pre; font-size: inherit; font-family: -webkit-small-control; letter-spacing: normal; text-transform: none;"
                                />
                              </div>
                            </div>
                          </div>
                          <div
                            class=" css-1rkxiuv-IndicatorsContainer"
                          >
                            <span
                              class=" css-1xjgjl1-IndicatorSeparator"
                            />
                            <div
                              aria-hidden="true"
                              class=" css-tlfecz-indicatorContainer"
                            >
                              <svg
                                aria-hidden="true"
                                class="css-6q0nyr-Svg"
                                focusable="false"
                                height="20"
                                viewBox="0 0 20 20"
                                width="20"
                              >
                                <path
                                  d="M4.516 7.548c0.436-0.446 1.043-0.481 1.576 0l3.908 3.747 3.908-3.747c0.533-0.481 1.141-0.446 1.574 0 0.436 0.445 0.408 1.197 0 1.615-0.406 0.418-4.695 4.502-4.695 4.502-0.217 0.223-0.502 0.335-0.787 0.335s-0.57-0.112-0.789-0.335c0 0-4.287-4.084-4.695-4.502s-0.436-1.17 0-1.615z"
                                />
                              </svg>
                            </div>
                          </div>
                        </div>
                      </div>
                    </div>
                  </div>
                  <div
                    class="form__row"
                  >
                    <div
                      class="sd-line-input sd-line-input--no-margin sd-line-input--is-select"
                    >
                      <label
                        class="sd-line-input__label"
                      >
                        Date filter
                      </label>
                      <select
                        class="sd-line-input__select"
                        name="route"
                      >
                        <option
                          value="range"
                        >
                          Custom
                        </option>
                        <option
                          value="lastWeek"
                        >
                          Last week
                        </option>
                        <option
                          value="lastMonth"
                        >
                          Last month
                        </option>
                        <option
                          value="thisWeek"
                        >
                          This week
                        </option>
                        <option
                          value="thisMonth"
                        >
                          This month
                        </option>
                      </select>
                    </div>
                  </div>
                  <div
                    class="form__row form__row--flex"
                  >
                    <div
                      class="form__row-item"
                    >
                      <div
                        class="sd-line-input sd-line-input--no-margin"
                      >
                        <label
                          class="sd-line-input__label"
                        >
                          From
                        </label>
                        <span
                          class="p-calendar p-inputwrapper p-calendar-w-btn"
                          id="pr_id_1"
                        >
                          <input
                            autocomplete="off"
                            class="p-inputtext p-component"
                            inputmode="none"
                            type="text"
                          />
                          <button
                            class="p-button p-component p-datepicker-trigger p-button-icon-only"
                            tabindex="-1"
                            type="button"
                          >
                            <span
                              class="icon-calendar p-c"
                            />
                            <span
                              class="p-button-label p-c"
                            >
                               
                            </span>
                          </button>
                        </span>
                      </div>
                    </div>
                    <div
                      class="form__row-item"
                    >
                      <div
                        class="sd-line-input sd-line-input--no-margin"
                      >
                        <label
                          class="sd-line-input__label"
                        >
                          To
                        </label>
                        <span
                          class="p-calendar p-inputwrapper p-calendar-w-btn"
                          id="pr_id_2"
                        >
                          <input
                            autocomplete="off"
                            class="p-inputtext p-component"
                            inputmode="none"
                            type="text"
                          />
                          <button
                            class="p-button p-component p-datepicker-trigger p-button-icon-only"
                            tabindex="-1"
                            type="button"
                          >
                            <span
                              class="icon-calendar p-c"
                            />
                            <span
                              class="p-button-label p-c"
                            >
                               
                            </span>
                          </button>
                        </span>
                      </div>
                    </div>
                  </div>
                </div>
              </div>
              <div
                class="side-panel__footer side-panel__footer--button-box"
              >
                <div
                  class="flex-grid flex-grid--boxed-small flex-grid--small-2"
                >
                  <button
                    aria-label=""
                    class="btn btn--hollow"
                    tabindex="0"
                  >
                    Clear
                  </button>
                  <button
                    aria-label=""
                    class="btn btn--primary"
                    tabindex="0"
                  >
                    Run Report
                  </button>
                </div>
                <div
                  class="flex-grid flex-grid--boxed-small flex-grid--small-1"
                  data-sd-tooltip="Select date range please"
                  style="overflow: visible;"
                >
                  <button
                    aria-label=""
                    class="btn btn--primary btn--disabled"
                    tabindex="0"
                  >
                    Generate Report
                  </button>
                </div>
              </div>
            </div>
          </div>
          <div
            class="sd-column-box__main-column-inner sd-d-flex"
          >
            <div
              class="sd-flex-table sd-table--shadowed sd-table--action-hover"
              style="flex-grow: 1; position: relative;"
            >
              <div
                class="sd-flex-table__row sd-flex-table--head"
              >
                <div
                  class="sd-flex-table__cell sd-flex-grow"
                >
                  <div>
                    Title
                  </div>
                </div>
                <div
                  class="sd-flex-table__cell"
                >
                   
                </div>
                <div
                  class="sd-flex-table__cell"
                >
                  <div>
                    Page Views
                  </div>
                </div>
              </div>
              <p
                style="padding: 1em; text-align: center;"
              >
                No results found
              </p>
              <div
                style="overflow: visible; height: 0px; width: 0px;"
              >
                <div
                  aria-label="grid"
                  aria-readonly="true"
                  class="ReactVirtualized__Grid ReactVirtualized__List"
                  role="grid"
                  style="box-sizing: border-box; direction: ltr; height: -46px; position: relative; width: 0px; will-change: transform; overflow-x: hidden; overflow-y: auto;"
                  tabindex="0"
                />
              </div>
              <div
                class="resize-triggers"
              >
                <div
                  class="expand-trigger"
                >
                  <div
                    style="width: 1px; height: 1px;"
                  />
                </div>
                <div
                  class="contract-trigger"
                />
              </div>
            </div>
          </div>
        </div>
      </div>
    </div>
  </div>
</div>
`;
