// Jest Snapshot v1, https://goo.gl/fbAQLP

exports[`ContentLists/Automatic/FilterPanel renders properly 1`] = `
<div
  class="sd-filters-panel sd-filters-panel--border-right relative"
>
  <div
    class="sd-loader"
  />
  <div
    class="side-panel side-panel--transparent side-panel--shadow-right"
  >
    <div
      class="side-panel__header side-panel__header--border-b"
    >
      <span
        class="side-panel__close"
      >
        <button
          class="icn-btn"
          id="uif-tooltip-2"
          tabindex="0"
        >
          <i
            aria-hidden="true"
            aria-label="close-small"
            class="icon-close-small"
          />
        </button>
      </span>
      <h3
        class="side-panel__heading side-panel__heading--big"
      >
        Automatic List Criteria
      </h3>
    </div>
    <div
      class="side-panel__content"
    >
      <div
        class="side-panel__content-block"
      >
        <div
          class="form__row"
        >
          <div
            class="sd-line-input sd-line-input--no-margin sd-padding-t--0"
          >
            <div
              class="sd-input sd-input--medium"
            >
              <label
                class="sd-input__label"
                for="id1"
                id="id1label"
              >
                Routes
              </label>
              <div
                class="sd-input__input-container"
              >
                <div
                  class="p-multiselect p-component p-inputwrapper p-multiselect-chip"
                  id="pr_id_1"
                >
                  <div
                    class="p-hidden-accessible p-multiselect-hidden-select"
                  >
                    <select
                      aria-hidden="true"
                      multiple=""
                      tabindex="-1"
                    />
                  </div>
                  <div
                    class="p-hidden-accessible"
                  >
                    <input
                      aria-expanded="false"
                      aria-haspopup="listbox"
                      aria-labelledby="id1label"
                      id="id1"
                      readonly=""
                      role="listbox"
                      tabindex="0"
                      type="text"
                    />
                  </div>
                  <div
                    class="p-multiselect-label-container"
                  >
                    <div
                      class="p-multiselect-label p-multiselect-label-empty"
                    >
                      empty
                    </div>
                  </div>
                  <div
                    class="p-multiselect-trigger"
                  >
                    <span
                      class="p-multiselect-trigger-icon pi pi-chevron-down p-c"
                    />
                  </div>
                </div>
              </div>
              <div
                class="sd-input__message-box"
              />
            </div>
          </div>
        </div>
        <div
          class="form__row"
        >
          <div
            class="sd-line-input sd-line-input--no-margin sd-padding-t--0"
          >
            <div
              class="sd-input sd-input--medium"
            >
              <label
                class="sd-input__label"
                for="id2"
                id="id2label"
              >
                Authors
              </label>
              <div
                class="sd-input__input-container"
              >
                <div
                  class="
                        tags-input sd-input__input
                        tags-input--multi-select"
                >
                  <div
                    class="tags-input__tags"
                  >
                    <button
                      aria-expanded="false"
                      aria-haspopup="tree"
                      class="
                                        tags-input__add-button
                                        "
                      data-test-id="open-popover"
                    >
                      <i
                        class="icon-plus-large"
                      />
                    </button>
                    <ul
                      class="tags-input__tag-list"
                    />
                  </div>
                </div>
                <div />
              </div>
              <div
                class="sd-input__message-box"
              />
            </div>
          </div>
        </div>
        <div
          class="form__row form__row--flex"
        >
          <div
            class="sd-line-input sd-line-input--no-margin"
          >
            <div
              class="sd-input sd-input--medium"
            >
              <label
                class="sd-input__label"
                for="id3"
                id="id3label"
              >
                Publish date
              </label>
              <div
                class="sd-input__input-container"
              >
                <span
                  class="p-calendar p-inputwrapper p-calendar-w-btn"
                  id="pr_id_2"
                >
                  <input
                    aria-labelledby="id3label"
                    autocomplete="off"
                    class="p-inputtext p-component"
                    id="id3"
                    inputmode="none"
                    type="text"
                  />
                  <button
                    class="p-button p-component p-datepicker-trigger p-button-icon-only"
                    tabindex="-1"
                    type="button"
                  >
                    <span
                      class="icon-calendar p-c"
                    />
                    <span
                      class="p-button-label p-c"
                    >
                       
                    </span>
                  </button>
                </span>
              </div>
              <div
                class="sd-input__message-box"
              />
            </div>
          </div>
        </div>
        <div
          class="form__row form__row--flex"
        >
          <div
            class="sd-line-input sd-line-input--no-margin form__row-item"
          >
            <div
              class="sd-input sd-input--medium"
            >
              <label
                class="sd-input__label"
                for="id4"
                id="id4label"
              >
                Published after
              </label>
              <div
                class="sd-input__input-container"
              >
                <span
                  class="p-calendar p-inputwrapper p-calendar-w-btn"
                  id="pr_id_3"
                >
                  <input
                    aria-labelledby="id4label"
                    autocomplete="off"
                    class="p-inputtext p-component"
                    id="id4"
                    inputmode="none"
                    type="text"
                  />
                  <button
                    class="p-button p-component p-datepicker-trigger p-button-icon-only"
                    tabindex="-1"
                    type="button"
                  >
                    <span
                      class="icon-calendar p-c"
                    />
                    <span
                      class="p-button-label p-c"
                    >
                       
                    </span>
                  </button>
                </span>
              </div>
              <div
                class="sd-input__message-box"
              />
            </div>
          </div>
          <div
            class="form__row-item sd-line-input sd-line-input--no-margin"
          >
            <div
              class="sd-input sd-input--medium"
            >
              <label
                class="sd-input__label"
                for="id5"
                id="id5label"
              >
                Published before
              </label>
              <div
                class="sd-input__input-container"
              >
                <span
                  class="p-calendar p-inputwrapper p-calendar-w-btn"
                  id="pr_id_4"
                >
                  <input
                    aria-labelledby="id5label"
                    autocomplete="off"
                    class="p-inputtext p-component"
                    id="id5"
                    inputmode="none"
                    type="text"
                  />
                  <button
                    class="p-button p-component p-datepicker-trigger p-button-icon-only"
                    tabindex="-1"
                    type="button"
                  >
                    <span
                      class="icon-calendar p-c"
                    />
                    <span
                      class="p-button-label p-c"
                    >
                       
                    </span>
                  </button>
                </span>
              </div>
              <div
                class="sd-input__message-box"
              />
            </div>
          </div>
        </div>
        <div
          class="dropdown "
        >
          <div
            style="display: content;"
          >
            <button
              aria-expanded="false"
              aria-haspopup="menu"
              class="btn btn--small btn--primary dropdown__toggle dropdown-toggle"
            >
              <i
                class="icon-plus-sign"
              />
              Add Metadata
            </button>
          </div>
          <ul
            class="dropdown__menu"
            role="menu"
          >
            <li
              class=""
              role="none"
            >
              <button
                role="menuitem"
                tabindex="0"
              >
                <i
                  class=""
                />
                vocabulary 1
              </button>
            </li>
          </ul>
        </div>
      </div>
    </div>
    <div
      class="side-panel__footer side-panel__footer--button-box"
    >
      <div
        class="flex-grid flex-grid--boxed-small flex-grid--small-2"
      >
        <button
          aria-label=""
          class="btn btn--hollow"
          tabindex="0"
        >
          Clear
        </button>
        <button
          aria-label=""
          class="btn btn--primary"
          tabindex="0"
        >
          Update Criteria
        </button>
      </div>
    </div>
  </div>
</div>
`;
