// Jest Snapshot v1, https://goo.gl/fbAQLP

exports[`ContentLists/Manual/FilterPanel renders properly 1`] = `
<div
  class="sd-filters-panel sd-filters-panel--border-left"
>
  <div
    class="side-panel side-panel--transparent side-panel--shadow-right"
  >
    <div
      class="side-panel__header side-panel__header--border-b"
    >
      <span
        class="side-panel__close"
      >
        <a
          class="icn-btn"
          data-flow="left"
          data-sd-tooltip="Close"
        >
          <i
            class="icon-close-small"
          />
        </a>
      </span>
      <h3
        class="side-panel__heading"
      >
        Advanced filters
      </h3>
    </div>
    <div
      class="side-panel__content"
    >
      <div
        class="side-panel__content-block"
      >
        <div
          class="form__row"
        >
          <div
            class="sd-line-input sd-line-input--no-margin sd-line-input--with-button"
          >
            <label
              class="sd-line-input__label"
            >
              Categories
            </label>
            div
          </div>
        </div>
        <div
          class="form__row"
        >
          <div
            class="sd-line-input sd-line-input--no-margin sd-line-input--with-button"
          >
            <label
              class="sd-line-input__label"
            >
              Author
            </label>
            div
          </div>
        </div>
        <div
          class="form__row form__row--flex"
        >
          <div
            class="sd-line-input sd-line-input--no-margin"
          >
            <label
              class="sd-line-input__label"
            >
              Published date
            </label>
            <input
              class="sd-line-input__input"
              name="published_at"
              type="date"
              value=""
            />
          </div>
        </div>
        <div
          class="form__row form__row--flex"
        >
          <div
            class="sd-line-input sd-line-input--no-margin"
          >
            <label
              class="sd-line-input__label"
            >
              Published after
            </label>
            <input
              class="sd-line-input__input"
              name="published_after"
              type="date"
              value=""
            />
          </div>
        </div>
        <div
          class="form__row form__row--flex"
        >
          <div
            class="sd-line-input sd-line-input--no-margin"
          >
            <label
              class="sd-line-input__label"
            >
              Published before
            </label>
            <input
              class="sd-line-input__input"
              name="published_before"
              type="date"
              value=""
            />
          </div>
        </div>
      </div>
    </div>
    <div
      class="side-panel__footer side-panel__footer--button-box"
    >
      <div
        class="flex-grid flex-grid--boxed-small flex-grid--small-2"
      >
        <button
          aria-label="button"
          class="btn btn--hollow"
        >
          Clear
        </button>
        <button
          aria-label="button"
          class="btn btn--primary"
        >
          Filter
        </button>
      </div>
    </div>
  </div>
</div>
`;
