// Jest Snapshot v1, https://goo.gl/fbAQLP

exports[`ContentLists/Manual/FilterPanel renders properly 1`] = `
<div
  class="sd-filters-panel sd-filters-panel--border-left"
>
  <div
    class="side-panel side-panel--shadow-right"
  >
    <div
      class="side-panel__header side-panel__header--border-b"
    >
      <span
        class="side-panel__close"
      >
        <button
          class="icn-btn"
          id="uif-tooltip-1"
          tabindex="0"
        >
          <i
            aria-hidden="true"
            aria-label="close-small"
            class="icon-close-small"
          />
        </button>
      </span>
      <h3
        class="side-panel__heading"
      >
        Advanced filters
      </h3>
    </div>
    <div
      class="side-panel__content"
    >
      <div
        class="side-panel__content-block"
      >
        <div
          class="form__row form__row--flex"
        >
          <div
            class="sd-line-input sd-line-input--no-margin sd-padding-t--0"
          >
            <div
              class="sd-input sd-input--medium"
            >
              <label
                class="sd-input__label"
                for="id1"
                id="id1label"
              >
                Routes
              </label>
              <div
                class="sd-input__input-container"
              >
                <div
                  class="p-multiselect p-component p-inputwrapper p-multiselect-chip"
                  id="pr_id_1"
                >
                  <div
                    class="p-hidden-accessible p-multiselect-hidden-select"
                  >
                    <select
                      aria-hidden="true"
                      multiple=""
                      tabindex="-1"
                    />
                  </div>
                  <div
                    class="p-hidden-accessible"
                  >
                    <input
                      aria-expanded="false"
                      aria-haspopup="listbox"
                      aria-labelledby="id1label"
                      id="id1"
                      readonly=""
                      role="listbox"
                      tabindex="0"
                      type="text"
                    />
                  </div>
                  <div
                    class="p-multiselect-label-container"
                  >
                    <div
                      class="p-multiselect-label p-multiselect-label-empty"
                    >
                      empty
                    </div>
                  </div>
                  <div
                    class="p-multiselect-trigger"
                  >
                    <span
                      class="p-multiselect-trigger-icon pi pi-chevron-down p-c"
                    />
                  </div>
                </div>
              </div>
              <div
                class="sd-input__message-box"
              />
            </div>
          </div>
        </div>
        <div
          class="form__row form__row--flex"
        >
          <div
            class="sd-line-input sd-line-input--no-margin sd-padding-t--0"
          >
            <div
              class="sd-input sd-input--medium"
            >
              <label
                class="sd-input__label"
                for="id2"
                id="id2label"
              >
                Author
              </label>
              <div
                class="sd-input__input-container"
              >
                <div
                  class="
                        tags-input sd-input__input
                        tags-input--multi-select"
                >
                  <div
                    class="tags-input__tags"
                  >
                    <button
                      aria-expanded="false"
                      aria-haspopup="tree"
                      class="
                                        tags-input__add-button
                                        "
                      data-test-id="open-popover"
                    >
                      <i
                        class="icon-plus-large"
                      />
                    </button>
                    <ul
                      class="tags-input__tag-list"
                    />
                  </div>
                </div>
                <div />
              </div>
              <div
                class="sd-input__message-box"
              />
            </div>
          </div>
        </div>
        <div
          class="form__row form__row--flex"
        >
          <div
            class="sd-line-input sd-line-input--no-margin"
          >
            <label
              class="sd-line-input__label"
            >
              Published date
            </label>
            <input
              class="sd-line-input__input"
              name="published_at"
              type="date"
              value=""
            />
          </div>
        </div>
        <div
          class="form__row form__row--flex"
        >
          <div
            class="sd-line-input sd-line-input--no-margin"
          >
            <label
              class="sd-line-input__label"
            >
              Published after
            </label>
            <input
              class="sd-line-input__input"
              name="published_after"
              type="date"
              value=""
            />
          </div>
        </div>
        <div
          class="form__row form__row--flex"
        >
          <div
            class="sd-line-input sd-line-input--no-margin"
          >
            <label
              class="sd-line-input__label"
            >
              Published before
            </label>
            <input
              class="sd-line-input__input"
              name="published_before"
              type="date"
              value=""
            />
          </div>
        </div>
      </div>
    </div>
    <div
      class="side-panel__footer side-panel__footer--button-box"
    >
      <div
        class="flex-grid flex-grid--boxed-small flex-grid--small-2"
      >
        <button
          aria-label=""
          class="btn btn--hollow"
          tabindex="0"
        >
          Clear
        </button>
        <button
          aria-label=""
          class="btn btn--primary"
          tabindex="0"
        >
          Filter
        </button>
      </div>
    </div>
  </div>
</div>
`;
