// Jest Snapshot v1, https://goo.gl/fbAQLP

exports[`UI/SaveBar renders correctly 1`] = `
<div
  class="sd-collapse-box__sliding-toolbar-wrapper"
>
  <div
    class="sd-collapse-box__sliding-toolbar"
  >
    <div
      class="sliding-toolbar__inner"
    />
    <button
      aria-label=""
      class="btn btn--hollow btn--ui-dark"
    >
      Cancel
    </button>
    <button
      aria-label=""
      class="btn btn--primary btn--ui-dark"
    >
      Save
    </button>
  </div>
</div>
`;
