// Jest Snapshot v1, https://goo.gl/fbAQLP

exports[`UI/Slideshow renders correcty 1`] = `
<div
  class="aws-sld aws-sld--organic-arrows"
>
  <div
    class="aws-sld__wrapper"
  >
    <div
      class="aws-sld__container"
    >
      <div
        class="aws-sld__box aws-sld--active"
      >
        <div
          class="aws-sld__content"
        >
          <img
            src="https://test.sourcefabric.org/media/2019020713028_aac0d4a7f9a46fc7f22d7e6cb0487092b6db9b7cd3091029d01e5a1be58bde45.jpg"
          />
        </div>
      </div>
      <div
        class="aws-sld__box"
      />
    </div>
    <div
      class="aws-sld__controls"
    >
      <button
        class="aws-sld__next"
      >
        <span
          class="aws-sld__controls__arrow-right"
        />
      </button>
      <button
        class="aws-sld__prev"
      >
        <span
          class="aws-sld__controls__arrow-left"
        />
      </button>
    </div>
  </div>
  <nav
    class="aws-sld__bullets"
  >
    <button
      class="aws-sld__bullets--active"
      data-index="0"
    >
      0
    </button>
    <button
      data-index="1"
    >
      1
    </button>
  </nav>
</div>
`;
