// Jest Snapshot v1, https://goo.gl/fbAQLP

exports[`UI/Slideshow renders correcty 1`] = `
<div
  class="awssld awssld--organic-arrows"
  style="margin-top: 1em; margin-bottom: 2em;"
>
  <div
    class="awssld__wrapper"
  >
    <div
      class="awssld__container"
    >
      <div
        class="awssld__box awssld--active"
      >
        <div
          class="awssld__content"
        />
      </div>
      <div
        class="awssld__box"
      />
    </div>
    <div
      class="awssld__controls"
    >
      <button
        class="awssld__next"
      >
        <span
          class="awssld__controls__arrow-right"
        />
      </button>
      <button
        class="awssld__prev"
      >
        <span
          class="awssld__controls__arrow-left"
        />
      </button>
    </div>
  </div>
  <nav
    class="awssld__bullets"
  >
    <button
      class="awssld__bullets--active"
      data-index="0"
    >
      0
    </button>
    <button
      data-index="1"
    >
      1
    </button>
  </nav>
</div>
`;
