// Jest Snapshot v1, https://goo.gl/fbAQLP

exports[`UI/Slideshow renders correcty 1`] = `
<div
  class="sp-slider"
>
  <div
    class="slider-wrapper"
    style="transform: translateX(0px); transition: transform ease-out 0.45s;"
  >
    <div
      class="slide"
      style="background-image: url(null); background-size: cover; background-repeat: no-repeat; background-position: 50% 60%;"
    />
    <div
      class="slide"
      style="background-image: url(null); background-size: cover; background-repeat: no-repeat; background-position: 50% 60%;"
    />
  </div>
  <div
    class="backArrow arrow"
  >
    <i
      aria-hidden="true"
      class="icon-chevron-left-thin"
    />
  </div>
  <div
    class="nextArrow arrow"
  >
    <i
      aria-hidden="true"
      class="icon-chevron-right-thin"
    />
  </div>
</div>
`;
