// Jest Snapshot v1, https://goo.gl/fbAQLP

exports[`Output/PublishPane/Destination renders correctly 1`] = `
<div
  class="sd-collapse-box sd-shadow--z2 sd-collapse-box--open"
>
  <div
    class="sd-collapse-box__header"
  >
    <div
      class="sd-list-item"
    >
      <div
        class="sd-list-item__dot sd-list-item__dot--success"
      />
      <div
        class="sd-list-item__column sd-list-item__column--grow sd-list-item__column--no-border"
      >
        <div
          class="sd-list-item__row"
        >
          <span
            class="sd-overflow-ellipsis sd-list-item--element-grow"
          >
            <span
              class="sd-list-item__text-strong"
            >
              tenant1
            </span>
          </span>
          <button
            class="icn-btn"
            tabindex="0"
          >
            <i
              aria-hidden="true"
              aria-label="trash"
              class="icon-trash"
            />
          </button>
        </div>
        <div
          class="sd-list-item__row"
        >
          <span
            class="sd-overflow-ellipsis label label--success"
          />
        </div>
      </div>
    </div>
  </div>
  <div
    class="sd-collapse-box__content-wraper"
  >
    <div
      class="sd-collapse-box__content"
    >
      <div
        class="sd-list-item__dot sd-list-item__dot--success"
      />
      <div
        class="sd-collapse-box__tools sd-collapse-box__tools--flex"
      >
        <span
          class="sd-collapse-box__collapse-btn"
        >
          <button
            class="icn-btn"
            tabindex="0"
          >
            <i
              aria-hidden="true"
              aria-label="chevron-up-thin"
              class="icon-chevron-up-thin"
            />
          </button>
        </span>
        <button
          class="icn-btn"
          tabindex="0"
        >
          <i
            aria-hidden="true"
            aria-label="trash"
            class="icon-trash"
          />
        </button>
      </div>
      <div
        class="sd-collapse-box__content-block sd-collapse-box__content-block--top"
      >
        <div
          class="sd-list-item sd-list-item--no-bg sd-list-item--no-hover"
        >
          <div
            class="sd-list-item__column sd-list-item__column--grow sd-list-item__column--no-border"
          >
            <div
              class="sd-list-item__row"
            >
              <span
                class="sd-overflow-ellipsis sd-list-item__text-strong"
              >
                tenant1
              </span>
            </div>
          </div>
        </div>
      </div>
      <div
        class="form__row"
      >
        <div
          class="sd-line-input sd-line-input--is-select sd-line-input--dark-ui sd-line-input--no-margin"
        >
          <label
            class="sd-line-input__label"
          >
            Route
          </label>
          <select
            class="sd-line-input__select"
            name="routeId"
          >
            <option
              disabled=""
              value=""
            >
              Select a route
            </option>
            <optgroup
              label="Custom"
              style="color: black;"
            >
              <option
                value="1"
              >
                testroute1
              </option>
              <option
                value="2"
              >
                testroute2
              </option>
            </optgroup>
          </select>
        </div>
      </div>
      <div
        class="flex-grid flex-grid--wrap-items flex-grid--small-1 flex-grid--medium-2"
        style="overflow: visible;"
      >
        <div
          class="flex-grid__item"
          sd-tooltip="Enable Paywall"
          style="margin-bottom: 1em;"
        >
          <span>
            <span
              class="sd-check-new__wrapper"
              tabindex="-1"
            >
              <input
                class="sd-check-new__input"
                id="id1"
                tabindex="0"
                type="checkbox"
              />
              <span
                class="sd-check-new"
              />
              <label
                for="id1"
              >
                Paywall
              </label>
            </span>
          </span>
        </div>
      </div>
      <div
        class="form__row"
      >
        <button
          aria-label=""
          class="btn btn--expanded btn--primary btn--hollow"
          tabindex="0"
        >
          Add to content list
        </button>
      </div>
    </div>
  </div>
</div>
`;
