// Jest Snapshot v1, https://goo.gl/fbAQLP

exports[`Output/PublishPane/Publish renders properly 1`] = `
<div
  class="side-panel__content"
>
  <div
    class="side-panel__content-block side-panel__content-block--pad-small"
  >
    <div
      class="side-panel__content-block-heading side-panel__content-block-heading--small-margin"
    />
  </div>
  <div
    class="side-panel__content-block side-panel__content-block--flex side-panel__content-block--space-between"
  >
    <div
      class="dropdown undefined"
    >
      <span>
        <button
          aria-label="button"
          class="btn btn--primary btn--icon-only btn--icon-only-circle"
        >
          <i
            class="icon-plus-large"
          />
        </button>
      </span>
      <ul
        class="dropdown__menu dropdown__menu--scrollable"
      >
        <li>
          <button>
            tenant2
          </button>
        </li>
      </ul>
    </div>
    <div>
      <div
        class="sd-check-button__group sd-check-button__group--left"
      >
        <input
          class="visuallyhidden"
          id="id10"
          type="checkbox"
        />
        <span
          class="sd-check-button checked"
        >
          <label
            class="sd-check-button__text-label"
            for="id10"
          >
            All
          </label>
        </span>
        <input
          class="visuallyhidden"
          id="id11"
          type="checkbox"
        />
        <span
          class="sd-check-button"
        >
          <label
            class="sd-check-button__text-label"
            for="id11"
          >
            Published
          </label>
        </span>
        <input
          class="visuallyhidden"
          id="id12"
          type="checkbox"
        />
        <span
          class="sd-check-button"
        >
          <label
            class="sd-check-button__text-label"
            for="id12"
          >
            Unpublished
          </label>
        </span>
      </div>
    </div>
  </div>
  <div
    class="side-panel__content-block side-panel__content-block--pad-small"
  >
    <div
      class="sd-collapse-box sd-shadow--z2 sd-collapse-box--open"
    >
      <div
        class="sd-collapse-box__header"
      >
        <div
          class="sd-list-item"
        >
          <div
            class="sd-list-item__dot sd-list-item__dot--success"
          />
          <div
            class="sd-list-item__column sd-list-item__column--grow sd-list-item__column--no-border"
          >
            <div
              class="sd-list-item__row"
            >
              <span
                class="sd-overflow-ellipsis sd-list-item--element-grow"
              >
                <span
                  class="sd-list-item__text-strong"
                >
                  tenant1
                </span>
              </span>
              <a
                class="icn-btn"
              >
                <i
                  class="icon-trash"
                />
              </a>
            </div>
            <div
              class="sd-list-item__row"
            >
              <span
                class="sd-overflow-ellipsis label label--success"
              >
                testroute1
              </span>
            </div>
          </div>
        </div>
      </div>
      <div
        class="sd-collapse-box__content-wraper"
      >
        <div
          class="sd-collapse-box__content"
        >
          <div
            class="sd-list-item__dot sd-list-item__dot--success"
          />
          <div
            class="sd-collapse-box__tools sd-collapse-box__tools--flex"
          >
            <span
              class="sd-collapse-box__collapse-btn"
            >
              <a
                class="icn-btn"
              >
                <i
                  class="icon-chevron-up-thin"
                />
              </a>
            </span>
            <a
              class="icn-btn"
            >
              <i
                class="icon-trash"
              />
            </a>
          </div>
          <div
            class="sd-collapse-box__content-block sd-collapse-box__content-block--top"
          >
            <div
              class="sd-list-item sd-list-item--no-bg sd-list-item--no-hover"
            >
              <div
                class="sd-list-item__column sd-list-item__column--grow sd-list-item__column--no-border"
              >
                <div
                  class="sd-list-item__row"
                >
                  <span
                    class="sd-overflow-ellipsis sd-list-item__text-strong"
                  >
                    tenant1
                  </span>
                  <a
                    class="icn-btn"
                    flow="bottom"
                    sd-tooltip="Preview"
                  >
                    <i
                      class="icon-external icon--full-opacity icon--white"
                    />
                  </a>
                </div>
              </div>
            </div>
          </div>
          <div
            class="form__row"
          >
            <div
              class="sd-line-input sd-line-input--is-select sd-line-input--dark-ui sd-line-input--no-margin"
            >
              <label
                class="sd-line-input__label"
              >
                Route
              </label>
              <select
                class="sd-line-input__select"
                name="routeId"
              >
                <optgroup
                  label="Custom"
                  style="color: black;"
                >
                  <option
                    value="1"
                  >
                    testroute1
                  </option>
                  <option
                    value="2"
                  >
                    testroute2
                  </option>
                </optgroup>
              </select>
            </div>
          </div>
          <div
            class="flex-grid flex-grid--wrap-items flex-grid--small-1 flex-grid--medium-2"
            style="overflow: visible;"
          >
            <div
              class="flex-grid__item"
              sd-tooltip="Publish to facebook"
              style="margin-bottom: 1em;"
            >
              <span>
                <span
                  class="sd-check-new__wrapper"
                >
                  <input
                    class="visuallyhidden"
                    id="id2"
                    type="checkbox"
                  />
                  <span
                    aria-label="false"
                    class="sd-check-new"
                  />
                  <label
                    class=""
                    for="id2"
                  >
                    Facebook
                  </label>
                </span>
              </span>
            </div>
          </div>
          <div
            class="form__row"
          >
            <button
              aria-label="button"
              class="btn btn--expanded btn--primary btn--hollow"
            >
              Add to content list
            </button>
          </div>
        </div>
      </div>
    </div>
  </div>
  <div
    class="side-panel__content-block"
  >
    <div
      class="toggle-box toggle-box--dark sp--dark-ui"
    >
      <div
        class="toggle-box__header"
      >
        <div
          class="toggle-box__chevron"
        >
          <i
            class="icon-chevron-right-thin"
          />
        </div>
        <div
          class="toggle-box__label"
        >
          Related Articles
        </div>
        <div
          class="toggle-box__line"
        />
      </div>
      <div
        class="toggle-box__content-wraper"
      >
        <div
          class="toggle-box__content"
        >
          <div
            class="spinner"
          >
            <div
              class="bounce1"
            />
            <div
              class="bounce2"
            />
            <div
              class="bounce3"
            />
          </div>
          <ul
            class="simple-list simple-list--dotted simple-list--no-padding"
          />
        </div>
      </div>
    </div>
  </div>
</div>
`;
